ERROR - 2026-05-19 06:56:19 --> Error connecting to the database: mysqli_sql_exception: Access denied for user ''@'localhost' (using password: NO) in C:\xampp\htdocs\klinik_rozan\vendor\codeigniter4\framework\system\Database\MySQLi\Connection.php:201
Stack trace:
#0 C:\xampp\htdocs\klinik_rozan\vendor\codeigniter4\framework\system\Database\MySQLi\Connection.php(201): mysqli->real_connect('localhost', '', Object(SensitiveParameterValue), '', 3306, '', 0)
#1 C:\xampp\htdocs\klinik_rozan\vendor\codeigniter4\framework\system\Database\BaseConnection.php(555): CodeIgniter\Database\MySQLi\Connection->connect(false)
#2 C:\xampp\htdocs\klinik_rozan\vendor\codeigniter4\framework\system\Database\BaseConnection.php(795): CodeIgniter\Database\BaseConnection->initialize()
#3 C:\xampp\htdocs\klinik_rozan\vendor\codeigniter4\framework\system\Database\BaseBuilder.php(1733): CodeIgniter\Database\BaseConnection->query('SELECT COUNT(*)...', Array, false)
#4 C:\xampp\htdocs\klinik_rozan\app\Controllers\Dashboard.php(14): CodeIgniter\Database\BaseBuilder->countAllResults()
#5 C:\xampp\htdocs\klinik_rozan\vendor\codeigniter4\framework\system\CodeIgniter.php(951): App\Controllers\Dashboard->index()
#6 C:\xampp\htdocs\klinik_rozan\vendor\codeigniter4\framework\system\CodeIgniter.php(497): CodeIgniter\CodeIgniter->runController(Object(App\Controllers\Dashboard))
#7 C:\xampp\htdocs\klinik_rozan\vendor\codeigniter4\framework\system\CodeIgniter.php(340): CodeIgniter\CodeIgniter->handleRequest(NULL, Object(Config\Cache), false)
#8 C:\xampp\htdocs\klinik_rozan\vendor\codeigniter4\framework\system\Boot.php(417): CodeIgniter\CodeIgniter->run()
#9 C:\xampp\htdocs\klinik_rozan\vendor\codeigniter4\framework\system\Boot.php(68): CodeIgniter\Boot::runCodeIgniter(Object(CodeIgniter\CodeIgniter))
#10 C:\xampp\htdocs\klinik_rozan\public\index.php(11): CodeIgniter\Boot::bootWeb(Object(Config\Paths))
#11 {main}

Next CodeIgniter\Database\Exceptions\DatabaseException: Access denied for user ''@'localhost' (using password: NO) in C:\xampp\htdocs\klinik_rozan\vendor\codeigniter4\framework\system\Database\MySQLi\Connection.php:231
Stack trace:
#0 C:\xampp\htdocs\klinik_rozan\vendor\codeigniter4\framework\system\Database\BaseConnection.php(555): CodeIgniter\Database\MySQLi\Connection->connect(false)
#1 C:\xampp\htdocs\klinik_rozan\vendor\codeigniter4\framework\system\Database\BaseConnection.php(795): CodeIgniter\Database\BaseConnection->initialize()
#2 C:\xampp\htdocs\klinik_rozan\vendor\codeigniter4\framework\system\Database\BaseBuilder.php(1733): CodeIgniter\Database\BaseConnection->query('SELECT COUNT(*)...', Array, false)
#3 C:\xampp\htdocs\klinik_rozan\app\Controllers\Dashboard.php(14): CodeIgniter\Database\BaseBuilder->countAllResults()
#4 C:\xampp\htdocs\klinik_rozan\vendor\codeigniter4\framework\system\CodeIgniter.php(951): App\Controllers\Dashboard->index()
#5 C:\xampp\htdocs\klinik_rozan\vendor\codeigniter4\framework\system\CodeIgniter.php(497): CodeIgniter\CodeIgniter->runController(Object(App\Controllers\Dashboard))
#6 C:\xampp\htdocs\klinik_rozan\vendor\codeigniter4\framework\system\CodeIgniter.php(340): CodeIgniter\CodeIgniter->handleRequest(NULL, Object(Config\Cache), false)
#7 C:\xampp\htdocs\klinik_rozan\vendor\codeigniter4\framework\system\Boot.php(417): CodeIgniter\CodeIgniter->run()
#8 C:\xampp\htdocs\klinik_rozan\vendor\codeigniter4\framework\system\Boot.php(68): CodeIgniter\Boot::runCodeIgniter(Object(CodeIgniter\CodeIgniter))
#9 C:\xampp\htdocs\klinik_rozan\public\index.php(11): CodeIgniter\Boot::bootWeb(Object(Config\Paths))
#10 {main}
CRITICAL - 2026-05-19 06:56:19 --> CodeIgniter\Database\Exceptions\DatabaseException: Unable to connect to the database.
Main connection [MySQLi]: Access denied for user ''@'localhost' (using password: NO)
[Method: GET, Route: /]
in SYSTEMPATH\Database\BaseConnection.php on line 606.
 1 SYSTEMPATH\Database\BaseConnection.php(795): CodeIgniter\Database\BaseConnection->initialize()
 2 SYSTEMPATH\Database\BaseBuilder.php(1733): CodeIgniter\Database\BaseConnection->query('SELECT COUNT(*) AS `numrows`
FROM `pasien`', [], false)
 3 APPPATH\Controllers\Dashboard.php(14): CodeIgniter\Database\BaseBuilder->countAllResults()
 4 SYSTEMPATH\CodeIgniter.php(951): App\Controllers\Dashboard->index()
 5 SYSTEMPATH\CodeIgniter.php(497): CodeIgniter\CodeIgniter->runController(Object(App\Controllers\Dashboard))
 6 SYSTEMPATH\CodeIgniter.php(340): CodeIgniter\CodeIgniter->handleRequest(null, Object(Config\Cache), false)
 7 SYSTEMPATH\Boot.php(417): CodeIgniter\CodeIgniter->run()
 8 SYSTEMPATH\Boot.php(68): CodeIgniter\Boot::runCodeIgniter(Object(CodeIgniter\CodeIgniter))
 9 FCPATH\index.php(11): CodeIgniter\Boot::bootWeb(Object(Config\Paths))
ERROR - 2026-05-19 06:57:41 --> Error connecting to the database: mysqli_sql_exception: Access denied for user ''@'localhost' (using password: NO) in C:\xampp\htdocs\klinik_rozan\vendor\codeigniter4\framework\system\Database\MySQLi\Connection.php:201
Stack trace:
#0 C:\xampp\htdocs\klinik_rozan\vendor\codeigniter4\framework\system\Database\MySQLi\Connection.php(201): mysqli->real_connect('localhost', '', Object(SensitiveParameterValue), '', 3306, '', 0)
#1 C:\xampp\htdocs\klinik_rozan\vendor\codeigniter4\framework\system\Database\BaseConnection.php(555): CodeIgniter\Database\MySQLi\Connection->connect(false)
#2 C:\xampp\htdocs\klinik_rozan\vendor\codeigniter4\framework\system\Database\BaseConnection.php(795): CodeIgniter\Database\BaseConnection->initialize()
#3 C:\xampp\htdocs\klinik_rozan\vendor\codeigniter4\framework\system\Database\BaseBuilder.php(1733): CodeIgniter\Database\BaseConnection->query('SELECT COUNT(*)...', Array, false)
#4 C:\xampp\htdocs\klinik_rozan\app\Controllers\Dashboard.php(14): CodeIgniter\Database\BaseBuilder->countAllResults()
#5 C:\xampp\htdocs\klinik_rozan\vendor\codeigniter4\framework\system\CodeIgniter.php(951): App\Controllers\Dashboard->index()
#6 C:\xampp\htdocs\klinik_rozan\vendor\codeigniter4\framework\system\CodeIgniter.php(497): CodeIgniter\CodeIgniter->runController(Object(App\Controllers\Dashboard))
#7 C:\xampp\htdocs\klinik_rozan\vendor\codeigniter4\framework\system\CodeIgniter.php(340): CodeIgniter\CodeIgniter->handleRequest(NULL, Object(Config\Cache), false)
#8 C:\xampp\htdocs\klinik_rozan\vendor\codeigniter4\framework\system\Boot.php(417): CodeIgniter\CodeIgniter->run()
#9 C:\xampp\htdocs\klinik_rozan\vendor\codeigniter4\framework\system\Boot.php(68): CodeIgniter\Boot::runCodeIgniter(Object(CodeIgniter\CodeIgniter))
#10 C:\xampp\htdocs\klinik_rozan\public\index.php(11): CodeIgniter\Boot::bootWeb(Object(Config\Paths))
#11 {main}

Next CodeIgniter\Database\Exceptions\DatabaseException: Access denied for user ''@'localhost' (using password: NO) in C:\xampp\htdocs\klinik_rozan\vendor\codeigniter4\framework\system\Database\MySQLi\Connection.php:231
Stack trace:
#0 C:\xampp\htdocs\klinik_rozan\vendor\codeigniter4\framework\system\Database\BaseConnection.php(555): CodeIgniter\Database\MySQLi\Connection->connect(false)
#1 C:\xampp\htdocs\klinik_rozan\vendor\codeigniter4\framework\system\Database\BaseConnection.php(795): CodeIgniter\Database\BaseConnection->initialize()
#2 C:\xampp\htdocs\klinik_rozan\vendor\codeigniter4\framework\system\Database\BaseBuilder.php(1733): CodeIgniter\Database\BaseConnection->query('SELECT COUNT(*)...', Array, false)
#3 C:\xampp\htdocs\klinik_rozan\app\Controllers\Dashboard.php(14): CodeIgniter\Database\BaseBuilder->countAllResults()
#4 C:\xampp\htdocs\klinik_rozan\vendor\codeigniter4\framework\system\CodeIgniter.php(951): App\Controllers\Dashboard->index()
#5 C:\xampp\htdocs\klinik_rozan\vendor\codeigniter4\framework\system\CodeIgniter.php(497): CodeIgniter\CodeIgniter->runController(Object(App\Controllers\Dashboard))
#6 C:\xampp\htdocs\klinik_rozan\vendor\codeigniter4\framework\system\CodeIgniter.php(340): CodeIgniter\CodeIgniter->handleRequest(NULL, Object(Config\Cache), false)
#7 C:\xampp\htdocs\klinik_rozan\vendor\codeigniter4\framework\system\Boot.php(417): CodeIgniter\CodeIgniter->run()
#8 C:\xampp\htdocs\klinik_rozan\vendor\codeigniter4\framework\system\Boot.php(68): CodeIgniter\Boot::runCodeIgniter(Object(CodeIgniter\CodeIgniter))
#9 C:\xampp\htdocs\klinik_rozan\public\index.php(11): CodeIgniter\Boot::bootWeb(Object(Config\Paths))
#10 {main}
CRITICAL - 2026-05-19 06:57:41 --> CodeIgniter\Database\Exceptions\DatabaseException: Unable to connect to the database.
Main connection [MySQLi]: Access denied for user ''@'localhost' (using password: NO)
[Method: GET, Route: /]
in SYSTEMPATH\Database\BaseConnection.php on line 606.
 1 SYSTEMPATH\Database\BaseConnection.php(795): CodeIgniter\Database\BaseConnection->initialize()
 2 SYSTEMPATH\Database\BaseBuilder.php(1733): CodeIgniter\Database\BaseConnection->query('SELECT COUNT(*) AS `numrows`
FROM `pasien`', [], false)
 3 APPPATH\Controllers\Dashboard.php(14): CodeIgniter\Database\BaseBuilder->countAllResults()
 4 SYSTEMPATH\CodeIgniter.php(951): App\Controllers\Dashboard->index()
 5 SYSTEMPATH\CodeIgniter.php(497): CodeIgniter\CodeIgniter->runController(Object(App\Controllers\Dashboard))
 6 SYSTEMPATH\CodeIgniter.php(340): CodeIgniter\CodeIgniter->handleRequest(null, Object(Config\Cache), false)
 7 SYSTEMPATH\Boot.php(417): CodeIgniter\CodeIgniter->run()
 8 SYSTEMPATH\Boot.php(68): CodeIgniter\Boot::runCodeIgniter(Object(CodeIgniter\CodeIgniter))
 9 FCPATH\index.php(11): CodeIgniter\Boot::bootWeb(Object(Config\Paths))
ERROR - 2026-05-19 06:58:39 --> Error connecting to the database: mysqli_sql_exception: Access denied for user ''@'localhost' (using password: NO) in C:\xampp\htdocs\klinik_rozan\vendor\codeigniter4\framework\system\Database\MySQLi\Connection.php:201
Stack trace:
#0 C:\xampp\htdocs\klinik_rozan\vendor\codeigniter4\framework\system\Database\MySQLi\Connection.php(201): mysqli->real_connect('localhost', '', Object(SensitiveParameterValue), '', 3306, '', 0)
#1 C:\xampp\htdocs\klinik_rozan\vendor\codeigniter4\framework\system\Database\BaseConnection.php(555): CodeIgniter\Database\MySQLi\Connection->connect(false)
#2 C:\xampp\htdocs\klinik_rozan\vendor\codeigniter4\framework\system\Database\BaseConnection.php(795): CodeIgniter\Database\BaseConnection->initialize()
#3 C:\xampp\htdocs\klinik_rozan\vendor\codeigniter4\framework\system\Database\BaseBuilder.php(1733): CodeIgniter\Database\BaseConnection->query('SELECT COUNT(*)...', Array, false)
#4 C:\xampp\htdocs\klinik_rozan\app\Controllers\Dashboard.php(14): CodeIgniter\Database\BaseBuilder->countAllResults()
#5 C:\xampp\htdocs\klinik_rozan\vendor\codeigniter4\framework\system\CodeIgniter.php(951): App\Controllers\Dashboard->index()
#6 C:\xampp\htdocs\klinik_rozan\vendor\codeigniter4\framework\system\CodeIgniter.php(497): CodeIgniter\CodeIgniter->runController(Object(App\Controllers\Dashboard))
#7 C:\xampp\htdocs\klinik_rozan\vendor\codeigniter4\framework\system\CodeIgniter.php(340): CodeIgniter\CodeIgniter->handleRequest(NULL, Object(Config\Cache), false)
#8 C:\xampp\htdocs\klinik_rozan\vendor\codeigniter4\framework\system\Boot.php(417): CodeIgniter\CodeIgniter->run()
#9 C:\xampp\htdocs\klinik_rozan\vendor\codeigniter4\framework\system\Boot.php(68): CodeIgniter\Boot::runCodeIgniter(Object(CodeIgniter\CodeIgniter))
#10 C:\xampp\htdocs\klinik_rozan\public\index.php(11): CodeIgniter\Boot::bootWeb(Object(Config\Paths))
#11 {main}

Next CodeIgniter\Database\Exceptions\DatabaseException: Access denied for user ''@'localhost' (using password: NO) in C:\xampp\htdocs\klinik_rozan\vendor\codeigniter4\framework\system\Database\MySQLi\Connection.php:231
Stack trace:
#0 C:\xampp\htdocs\klinik_rozan\vendor\codeigniter4\framework\system\Database\BaseConnection.php(555): CodeIgniter\Database\MySQLi\Connection->connect(false)
#1 C:\xampp\htdocs\klinik_rozan\vendor\codeigniter4\framework\system\Database\BaseConnection.php(795): CodeIgniter\Database\BaseConnection->initialize()
#2 C:\xampp\htdocs\klinik_rozan\vendor\codeigniter4\framework\system\Database\BaseBuilder.php(1733): CodeIgniter\Database\BaseConnection->query('SELECT COUNT(*)...', Array, false)
#3 C:\xampp\htdocs\klinik_rozan\app\Controllers\Dashboard.php(14): CodeIgniter\Database\BaseBuilder->countAllResults()
#4 C:\xampp\htdocs\klinik_rozan\vendor\codeigniter4\framework\system\CodeIgniter.php(951): App\Controllers\Dashboard->index()
#5 C:\xampp\htdocs\klinik_rozan\vendor\codeigniter4\framework\system\CodeIgniter.php(497): CodeIgniter\CodeIgniter->runController(Object(App\Controllers\Dashboard))
#6 C:\xampp\htdocs\klinik_rozan\vendor\codeigniter4\framework\system\CodeIgniter.php(340): CodeIgniter\CodeIgniter->handleRequest(NULL, Object(Config\Cache), false)
#7 C:\xampp\htdocs\klinik_rozan\vendor\codeigniter4\framework\system\Boot.php(417): CodeIgniter\CodeIgniter->run()
#8 C:\xampp\htdocs\klinik_rozan\vendor\codeigniter4\framework\system\Boot.php(68): CodeIgniter\Boot::runCodeIgniter(Object(CodeIgniter\CodeIgniter))
#9 C:\xampp\htdocs\klinik_rozan\public\index.php(11): CodeIgniter\Boot::bootWeb(Object(Config\Paths))
#10 {main}
CRITICAL - 2026-05-19 06:58:39 --> CodeIgniter\Database\Exceptions\DatabaseException: Unable to connect to the database.
Main connection [MySQLi]: Access denied for user ''@'localhost' (using password: NO)
[Method: GET, Route: /]
in SYSTEMPATH\Database\BaseConnection.php on line 606.
 1 SYSTEMPATH\Database\BaseConnection.php(795): CodeIgniter\Database\BaseConnection->initialize()
 2 SYSTEMPATH\Database\BaseBuilder.php(1733): CodeIgniter\Database\BaseConnection->query('SELECT COUNT(*) AS `numrows`
FROM `pasien`', [], false)
 3 APPPATH\Controllers\Dashboard.php(14): CodeIgniter\Database\BaseBuilder->countAllResults()
 4 SYSTEMPATH\CodeIgniter.php(951): App\Controllers\Dashboard->index()
 5 SYSTEMPATH\CodeIgniter.php(497): CodeIgniter\CodeIgniter->runController(Object(App\Controllers\Dashboard))
 6 SYSTEMPATH\CodeIgniter.php(340): CodeIgniter\CodeIgniter->handleRequest(null, Object(Config\Cache), false)
 7 SYSTEMPATH\Boot.php(417): CodeIgniter\CodeIgniter->run()
 8 SYSTEMPATH\Boot.php(68): CodeIgniter\Boot::runCodeIgniter(Object(CodeIgniter\CodeIgniter))
 9 FCPATH\index.php(11): CodeIgniter\Boot::bootWeb(Object(Config\Paths))
CRITICAL - 2026-05-19 09:03:21 --> ErrorException: require_once(C:\xampp\htdocs\klinik_rozan\vendor\codeigniter4\framework\system\ThirdParty/Kint/init.php): Failed to open stream: No such file or directory
[Method: GET, Route: /]
in SYSTEMPATH\Autoloader\Autoloader.php on line 525.
 1 SYSTEMPATH\Autoloader\Autoloader.php(525): CodeIgniter\Debug\Exceptions->errorHandler(2, 'require_once(C:\\xampp\\htdocs\\klinik_rozan\\vendor\\codeigniter4\\framework\\system\\ThirdParty/Kint/init.php): Failed to open stream: No such file or directory', 'C:\\xampp\\htdocs\\klinik_rozan\\vendor\\codeigniter4\\framework\\system\\Autoloader\\Autoloader.php', 525)
 2 SYSTEMPATH\Autoloader\Autoloader.php(525): require_once()
 3 SYSTEMPATH\Autoloader\Autoloader.php(497): CodeIgniter\Autoloader\Autoloader->autoloadKint()
 4 SYSTEMPATH\Boot.php(385): CodeIgniter\Autoloader\Autoloader->initializeKint(true)
 5 SYSTEMPATH\Boot.php(57): CodeIgniter\Boot::initializeKint()
 6 FCPATH\index.php(11): CodeIgniter\Boot::bootWeb(Object(Config\Paths))
CRITICAL - 2026-05-19 09:03:56 --> ErrorException: require_once(C:\xampp\htdocs\klinik_rozan\vendor\codeigniter4\framework\system\ThirdParty/Kint/init.php): Failed to open stream: No such file or directory
[Method: GET, Route: /]
in SYSTEMPATH\Autoloader\Autoloader.php on line 525.
 1 SYSTEMPATH\Autoloader\Autoloader.php(525): CodeIgniter\Debug\Exceptions->errorHandler(2, 'require_once(C:\\xampp\\htdocs\\klinik_rozan\\vendor\\codeigniter4\\framework\\system\\ThirdParty/Kint/init.php): Failed to open stream: No such file or directory', 'C:\\xampp\\htdocs\\klinik_rozan\\vendor\\codeigniter4\\framework\\system\\Autoloader\\Autoloader.php', 525)
 2 SYSTEMPATH\Autoloader\Autoloader.php(525): require_once()
 3 SYSTEMPATH\Autoloader\Autoloader.php(497): CodeIgniter\Autoloader\Autoloader->autoloadKint()
 4 SYSTEMPATH\Boot.php(385): CodeIgniter\Autoloader\Autoloader->initializeKint(true)
 5 SYSTEMPATH\Boot.php(57): CodeIgniter\Boot::initializeKint()
 6 FCPATH\index.php(11): CodeIgniter\Boot::bootWeb(Object(Config\Paths))
CRITICAL - 2026-05-19 09:09:01 --> ErrorException: require_once(C:\xampp\htdocs\klinik_rozan\vendor\codeigniter4\framework\system\ThirdParty/Kint/init.php): Failed to open stream: No such file or directory
[Method: GET, Route: /]
in SYSTEMPATH\Autoloader\Autoloader.php on line 525.
 1 SYSTEMPATH\Autoloader\Autoloader.php(525): CodeIgniter\Debug\Exceptions->errorHandler(2, 'require_once(C:\\xampp\\htdocs\\klinik_rozan\\vendor\\codeigniter4\\framework\\system\\ThirdParty/Kint/init.php): Failed to open stream: No such file or directory', 'C:\\xampp\\htdocs\\klinik_rozan\\vendor\\codeigniter4\\framework\\system\\Autoloader\\Autoloader.php', 525)
 2 SYSTEMPATH\Autoloader\Autoloader.php(525): require_once()
 3 SYSTEMPATH\Autoloader\Autoloader.php(497): CodeIgniter\Autoloader\Autoloader->autoloadKint()
 4 SYSTEMPATH\Boot.php(385): CodeIgniter\Autoloader\Autoloader->initializeKint(true)
 5 SYSTEMPATH\Boot.php(57): CodeIgniter\Boot::initializeKint()
 6 FCPATH\index.php(11): CodeIgniter\Boot::bootWeb(Object(Config\Paths))
